// Jest Snapshot v1, https://goo.gl/fbAQLP

exports[`HomeComponent.vue renders HomeComponent when passed 1`] = `
<div
  id="home"
>
  <button
    class="counter-get"
  >
    Add
  </button>
   
  <counter-component-stub />
   
  <!---->
</div>
`;
